// Jest Snapshot v1, https://goo.gl/fbAQLP

exports[`should call api on mount 1`] = `
<div>
  <header
    class="sc-bcXHqe iFVPNJ"
  >
    <div>
      <h1
        class="sc-gswNZR gUgClV"
      >
        MKS
      </h1>
      <h2
        class="sc-dkrFOg eZCrCZ"
      >
        Sistemas
      </h2>
    </div>
    <button
      class="sc-hLBbgP kuToSR"
    >
      <svg
        fill="currentColor"
        height="1em"
        stroke="currentColor"
        stroke-width="0"
        viewBox="0 0 576 512"
        width="1em"
        xmlns="http://www.w3.org/2000/svg"
      >
        <path
          d="M528.12 301.319l47.273-208C578.806 78.301 567.391 64 551.99 64H159.208l-9.166-44.81C147.758 8.021 137.93 0 126.529 0H24C10.745 0 0 10.745 0 24v16c0 13.255 10.745 24 24 24h69.883l70.248 343.435C147.325 417.1 136 435.222 136 456c0 30.928 25.072 56 56 56s56-25.072 56-56c0-15.674-6.447-29.835-16.824-40h209.647C430.447 426.165 424 440.326 424 456c0 30.928 25.072 56 56 56s56-25.072 56-56c0-22.172-12.888-41.332-31.579-50.405l5.517-24.276c3.413-15.018-8.002-29.319-23.403-29.319H218.117l-6.545-32h293.145c11.206 0 20.92-7.754 23.403-18.681z"
        />
      </svg>
      <span
        class="sc-eDvSVe kPgrBW"
      >
        0
      </span>
    </button>
  </header>
  <main>
    <ul
      class="sc-ksBlkl fWzjHs"
    >
      <div
        class="sc-gKPRtg sc-bqWxrE eVqmcG jBuIIz"
      >
        <div
          class="sc-csuSiG kqrtTe"
        />
        <div
          class="sc-eDWCr hZlHNj"
        />
        <div
          class="sc-eDWCr hZlHNj"
        />
        <div
          class="sc-eDWCr hZlHNj"
        />
      </div>
      <div
        class="sc-gKPRtg sc-bqWxrE eVqmcG jBuIIz"
      >
        <div
          class="sc-csuSiG kqrtTe"
        />
        <div
          class="sc-eDWCr hZlHNj"
        />
        <div
          class="sc-eDWCr hZlHNj"
        />
        <div
          class="sc-eDWCr hZlHNj"
        />
      </div>
      <div
        class="sc-gKPRtg sc-bqWxrE eVqmcG jBuIIz"
      >
        <div
          class="sc-csuSiG kqrtTe"
        />
        <div
          class="sc-eDWCr hZlHNj"
        />
        <div
          class="sc-eDWCr hZlHNj"
        />
        <div
          class="sc-eDWCr hZlHNj"
        />
      </div>
      <div
        class="sc-gKPRtg sc-bqWxrE eVqmcG jBuIIz"
      >
        <div
          class="sc-csuSiG kqrtTe"
        />
        <div
          class="sc-eDWCr hZlHNj"
        />
        <div
          class="sc-eDWCr hZlHNj"
        />
        <div
          class="sc-eDWCr hZlHNj"
        />
      </div>
      <div
        class="sc-gKPRtg sc-bqWxrE eVqmcG jBuIIz"
      >
        <div
          class="sc-csuSiG kqrtTe"
        />
        <div
          class="sc-eDWCr hZlHNj"
        />
        <div
          class="sc-eDWCr hZlHNj"
        />
        <div
          class="sc-eDWCr hZlHNj"
        />
      </div>
      <div
        class="sc-gKPRtg sc-bqWxrE eVqmcG jBuIIz"
      >
        <div
          class="sc-csuSiG kqrtTe"
        />
        <div
          class="sc-eDWCr hZlHNj"
        />
        <div
          class="sc-eDWCr hZlHNj"
        />
        <div
          class="sc-eDWCr hZlHNj"
        />
      </div>
      <div
        class="sc-gKPRtg sc-bqWxrE eVqmcG jBuIIz"
      >
        <div
          class="sc-csuSiG kqrtTe"
        />
        <div
          class="sc-eDWCr hZlHNj"
        />
        <div
          class="sc-eDWCr hZlHNj"
        />
        <div
          class="sc-eDWCr hZlHNj"
        />
      </div>
      <div
        class="sc-gKPRtg sc-bqWxrE eVqmcG jBuIIz"
      >
        <div
          class="sc-csuSiG kqrtTe"
        />
        <div
          class="sc-eDWCr hZlHNj"
        />
        <div
          class="sc-eDWCr hZlHNj"
        />
        <div
          class="sc-eDWCr hZlHNj"
        />
      </div>
    </ul>
  </main>
  <div
    class="sc-hBxehG jLSJmA"
  />
  <div
    class="sc-fEXmlR eyudvC"
  >
    <h1
      class="sc-bjfHbI kfioHz"
    >
      Carrinho de Compras
    </h1>
    <button
      class="sc-fnGiBr cUffFU"
    >
      <svg
        fill="currentColor"
        height="1em"
        stroke="currentColor"
        stroke-width="0"
        style="vertical-align: middle;"
        version="1.1"
        viewBox="0 0 16 16"
        width="1em"
        xmlns="http://www.w3.org/2000/svg"
      >
        <path
          d="M15.854 12.854c-0-0-0-0-0-0l-4.854-4.854 4.854-4.854c0-0 0-0 0-0 0.052-0.052 0.090-0.113 0.114-0.178 0.066-0.178 0.028-0.386-0.114-0.529l-2.293-2.293c-0.143-0.143-0.351-0.181-0.529-0.114-0.065 0.024-0.126 0.062-0.178 0.114 0 0-0 0-0 0l-4.854 4.854-4.854-4.854c-0-0-0-0-0-0-0.052-0.052-0.113-0.090-0.178-0.114-0.178-0.066-0.386-0.029-0.529 0.114l-2.293 2.293c-0.143 0.143-0.181 0.351-0.114 0.529 0.024 0.065 0.062 0.126 0.114 0.178 0 0 0 0 0 0l4.854 4.854-4.854 4.854c-0 0-0 0-0 0-0.052 0.052-0.090 0.113-0.114 0.178-0.066 0.178-0.029 0.386 0.114 0.529l2.293 2.293c0.143 0.143 0.351 0.181 0.529 0.114 0.065-0.024 0.126-0.062 0.178-0.114 0-0 0-0 0-0l4.854-4.854 4.854 4.854c0 0 0 0 0 0 0.052 0.052 0.113 0.090 0.178 0.114 0.178 0.066 0.386 0.029 0.529-0.114l2.293-2.293c0.143-0.143 0.181-0.351 0.114-0.529-0.024-0.065-0.062-0.126-0.114-0.178z"
        />
      </svg>
    </button>
    <div
      class="sc-dIfARi iaBdND"
    >
      <div
        class="sc-bBABsx lffifp"
      >
        <img
          alt=""
          class="sc-cwSeag iLWJuu"
          src="https://mks-sistemas.nyc3.digitaloceanspaces.com/products/iphone11x128.webp"
        />
        <span
          class="sc-iveFHk gVlHoy"
        >
          Iphone 11 128 GB
        </span>
        <div
          style="width: 100%; display: flex; align-items: center; justify-content: center; gap: 10px;"
        >
          <div
            class="sc-dmctIk jeVmmm"
          >
            <button
              class="sc-fLcnxK fSBxHx"
              style="font-size: 24px; line-height: 29px;"
            >
              -
            </button>
            <span
              class="sc-kgTSHT lahszh"
            >
              1
            </span>
            <button
              class="sc-fLcnxK fSBxHx"
              style="font-size: 22px; line-height: 27px;"
            >
              +
            </button>
          </div>
          <span
            class="sc-jSUZER jvwiv"
            style="height: 35px;"
          >
            R$ 5.000
          </span>
        </div>
      </div>
      <div
        class="sc-bBABsx lffifp"
      >
        <img
          alt=""
          class="sc-cwSeag iLWJuu"
          src="https://mks-sistemas.nyc3.digitaloceanspaces.com/products/airpods.webp"
        />
        <span
          class="sc-iveFHk gVlHoy"
        >
          AirPods
        </span>
        <div
          style="width: 100%; display: flex; align-items: center; justify-content: center; gap: 10px;"
        >
          <div
            class="sc-dmctIk jeVmmm"
          >
            <button
              class="sc-fLcnxK fSBxHx"
              style="font-size: 24px; line-height: 29px;"
            >
              -
            </button>
            <span
              class="sc-kgTSHT lahszh"
            >
              1
            </span>
            <button
              class="sc-fLcnxK fSBxHx"
              style="font-size: 22px; line-height: 27px;"
            >
              +
            </button>
          </div>
          <span
            class="sc-jSUZER jvwiv"
            style="height: 35px;"
          >
            R$ 5.000
          </span>
        </div>
      </div>
      <div
        class="sc-bBABsx lffifp"
      >
        <img
          alt=""
          class="sc-cwSeag iLWJuu"
          src="https://mks-sistemas.nyc3.digitaloceanspaces.com/products/macbookair.webp"
        />
        <span
          class="sc-iveFHk gVlHoy"
        >
          Macbook Air
        </span>
        <div
          style="width: 100%; display: flex; align-items: center; justify-content: center; gap: 10px;"
        >
          <div
            class="sc-dmctIk jeVmmm"
          >
            <button
              class="sc-fLcnxK fSBxHx"
              style="font-size: 24px; line-height: 29px;"
            >
              -
            </button>
            <span
              class="sc-kgTSHT lahszh"
            >
              1
            </span>
            <button
              class="sc-fLcnxK fSBxHx"
              style="font-size: 22px; line-height: 27px;"
            >
              +
            </button>
          </div>
          <span
            class="sc-jSUZER jvwiv"
            style="height: 35px;"
          >
            R$ 5.000
          </span>
        </div>
      </div>
      <div
        class="sc-bBABsx lffifp"
      >
        <img
          alt=""
          class="sc-cwSeag iLWJuu"
          src="https://mks-sistemas.nyc3.digitaloceanspaces.com/products/iphone12x64.webp"
        />
        <span
          class="sc-iveFHk gVlHoy"
        >
          iPhone 12 64 GB
        </span>
        <div
          style="width: 100%; display: flex; align-items: center; justify-content: center; gap: 10px;"
        >
          <div
            class="sc-dmctIk jeVmmm"
          >
            <button
              class="sc-fLcnxK fSBxHx"
              style="font-size: 24px; line-height: 29px;"
            >
              -
            </button>
            <span
              class="sc-kgTSHT lahszh"
            >
              1
            </span>
            <button
              class="sc-fLcnxK fSBxHx"
              style="font-size: 22px; line-height: 27px;"
            >
              +
            </button>
          </div>
          <span
            class="sc-jSUZER jvwiv"
            style="height: 35px;"
          >
            R$ 5.000
          </span>
        </div>
      </div>
      <div
        class="sc-bBABsx lffifp"
      >
        <img
          alt=""
          class="sc-cwSeag iLWJuu"
          src="https://mks-sistemas.nyc3.digitaloceanspaces.com/products/applewatch-series7.webp"
        />
        <span
          class="sc-iveFHk gVlHoy"
        >
          Apple Watch Series 7
        </span>
        <div
          style="width: 100%; display: flex; align-items: center; justify-content: center; gap: 10px;"
        >
          <div
            class="sc-dmctIk jeVmmm"
          >
            <button
              class="sc-fLcnxK fSBxHx"
              style="font-size: 24px; line-height: 29px;"
            >
              -
            </button>
            <span
              class="sc-kgTSHT lahszh"
            >
              1
            </span>
            <button
              class="sc-fLcnxK fSBxHx"
              style="font-size: 22px; line-height: 27px;"
            >
              +
            </button>
          </div>
          <span
            class="sc-jSUZER jvwiv"
            style="height: 35px;"
          >
            R$ 5.000
          </span>
        </div>
      </div>
      <div
        class="sc-bBABsx lffifp"
      >
        <img
          alt=""
          class="sc-cwSeag iLWJuu"
          src="https://mks-sistemas.nyc3.digitaloceanspaces.com/products/ipadair.webp"
        />
        <span
          class="sc-iveFHk gVlHoy"
        >
          iPad
        </span>
        <div
          style="width: 100%; display: flex; align-items: center; justify-content: center; gap: 10px;"
        >
          <div
            class="sc-dmctIk jeVmmm"
          >
            <button
              class="sc-fLcnxK fSBxHx"
              style="font-size: 24px; line-height: 29px;"
            >
              -
            </button>
            <span
              class="sc-kgTSHT lahszh"
            >
              1
            </span>
            <button
              class="sc-fLcnxK fSBxHx"
              style="font-size: 22px; line-height: 27px;"
            >
              +
            </button>
          </div>
          <span
            class="sc-jSUZER jvwiv"
            style="height: 35px;"
          >
            R$ 5.000
          </span>
        </div>
      </div>
      <div
        class="sc-bBABsx lffifp"
      >
        <img
          alt=""
          class="sc-cwSeag iLWJuu"
          src="https://mks-sistemas.nyc3.digitaloceanspaces.com/products/hyperx-cloudrevolver.webp"
        />
        <span
          class="sc-iveFHk gVlHoy"
        >
          Headset Cloud Revolver
        </span>
        <div
          style="width: 100%; display: flex; align-items: center; justify-content: center; gap: 10px;"
        >
          <div
            class="sc-dmctIk jeVmmm"
          >
            <button
              class="sc-fLcnxK fSBxHx"
              style="font-size: 24px; line-height: 29px;"
            >
              -
            </button>
            <span
              class="sc-kgTSHT lahszh"
            >
              1
            </span>
            <button
              class="sc-fLcnxK fSBxHx"
              style="font-size: 22px; line-height: 27px;"
            >
              +
            </button>
          </div>
          <span
            class="sc-jSUZER jvwiv"
            style="height: 35px;"
          >
            R$ 5.000
          </span>
        </div>
      </div>
      <div
        class="sc-bBABsx lffifp"
      >
        <img
          alt=""
          class="sc-cwSeag iLWJuu"
          src="https://mks-sistemas.nyc3.digitaloceanspaces.com/products/hyperxcloudstinger.webp"
        />
        <span
          class="sc-iveFHk gVlHoy"
        >
          Headset Cloud Stinger
        </span>
        <div
          style="width: 100%; display: flex; align-items: center; justify-content: center; gap: 10px;"
        >
          <div
            class="sc-dmctIk jeVmmm"
          >
            <button
              class="sc-fLcnxK fSBxHx"
              style="font-size: 24px; line-height: 29px;"
            >
              -
            </button>
            <span
              class="sc-kgTSHT lahszh"
            >
              1
            </span>
            <button
              class="sc-fLcnxK fSBxHx"
              style="font-size: 22px; line-height: 27px;"
            >
              +
            </button>
          </div>
          <span
            class="sc-jSUZER jvwiv"
            style="height: 35px;"
          >
            R$ 5.000
          </span>
        </div>
      </div>
    </div>
    <div
      class="sc-hHTYSt bNRjBQ"
    >
      <span>
        Total:
      </span>
      <span>
        R$ 1.0000,00
      </span>
    </div>
    <button
      class="sc-idXgbr jPcdUu"
    >
      Finalizar Compra
    </button>
  </div>
</div>
`;
